
Allocating common symbols
Common symbol       size              file

state               0x4               ..\obj\config.o
GPIO_InitStruct     0x8               ..\obj\config.o

Discarded input sections

 .text          0x00000000        0x0 ..\obj\stm32f4xx_syscfg.o
 .data          0x00000000        0x0 ..\obj\stm32f4xx_syscfg.o
 .bss           0x00000000        0x0 ..\obj\stm32f4xx_syscfg.o
 .text.SYSCFG_DeInit
                0x00000000       0x1c ..\obj\stm32f4xx_syscfg.o
 .text.SYSCFG_MemoryRemapConfig
                0x00000000       0x20 ..\obj\stm32f4xx_syscfg.o
 .text.SYSCFG_EXTILineConfig
                0x00000000       0x80 ..\obj\stm32f4xx_syscfg.o
 .text.SYSCFG_ETH_MediaInterfaceConfig
                0x00000000       0x1c ..\obj\stm32f4xx_syscfg.o
 .text.SYSCFG_CompensationCellCmd
                0x00000000       0x20 ..\obj\stm32f4xx_syscfg.o
 .text.SYSCFG_GetCompensationCellStatus
                0x00000000       0x30 ..\obj\stm32f4xx_syscfg.o
 .debug_info    0x00000000      0x29e ..\obj\stm32f4xx_syscfg.o
 .debug_abbrev  0x00000000      0x164 ..\obj\stm32f4xx_syscfg.o
 .debug_aranges
                0x00000000       0x48 ..\obj\stm32f4xx_syscfg.o
 .debug_ranges  0x00000000       0x38 ..\obj\stm32f4xx_syscfg.o
 .debug_line    0x00000000      0x2aa ..\obj\stm32f4xx_syscfg.o
 .debug_str     0x00000000      0x359 ..\obj\stm32f4xx_syscfg.o
 .comment       0x00000000       0x77 ..\obj\stm32f4xx_syscfg.o
 .debug_frame   0x00000000       0xf4 ..\obj\stm32f4xx_syscfg.o
 .ARM.attributes
                0x00000000       0x2e ..\obj\stm32f4xx_syscfg.o
 .text          0x00000000        0x0 ..\obj\state.o
 .data          0x00000000        0x0 ..\obj\state.o
 .bss           0x00000000        0x0 ..\obj\state.o
 .text          0x00000000        0x0 ..\obj\delay.o
 .data          0x00000000        0x0 ..\obj\delay.o
 .bss           0x00000000        0x0 ..\obj\delay.o
 .text          0x00000000        0x0 ..\obj\config.o
 .data          0x00000000        0x0 ..\obj\config.o
 .bss           0x00000000        0x0 ..\obj\config.o
 .text          0x00000000        0x0 ..\obj\startup_stm32f4xx.o
 .data          0x00000000        0x0 ..\obj\startup_stm32f4xx.o
 .bss           0x00000000        0x0 ..\obj\startup_stm32f4xx.o
 .text          0x00000000        0x0 ..\obj\main.o
 .data          0x00000000        0x0 ..\obj\main.o
 .bss           0x00000000        0x0 ..\obj\main.o
 .text          0x00000000        0x0 ..\obj\stm32f4xx_rcc.o
 .data          0x00000000       0x10 ..\obj\stm32f4xx_rcc.o
 .bss           0x00000000        0x0 ..\obj\stm32f4xx_rcc.o
 .text.RCC_DeInit
                0x00000000       0x50 ..\obj\stm32f4xx_rcc.o
 .text.RCC_HSEConfig
                0x00000000       0x24 ..\obj\stm32f4xx_rcc.o
 .text.RCC_WaitForHSEStartUp
                0x00000000       0x50 ..\obj\stm32f4xx_rcc.o
 .text.RCC_AdjustHSICalibrationValue
                0x00000000       0x3c ..\obj\stm32f4xx_rcc.o
 .text.RCC_HSICmd
                0x00000000       0x20 ..\obj\stm32f4xx_rcc.o
 .text.RCC_LSEConfig
                0x00000000       0x40 ..\obj\stm32f4xx_rcc.o
 .text.RCC_LSICmd
                0x00000000       0x20 ..\obj\stm32f4xx_rcc.o
 .text.RCC_PLLConfig
                0x00000000       0x3c ..\obj\stm32f4xx_rcc.o
 .text.RCC_PLLCmd
                0x00000000       0x20 ..\obj\stm32f4xx_rcc.o
 .text.RCC_PLLI2SConfig
                0x00000000       0x28 ..\obj\stm32f4xx_rcc.o
 .text.RCC_PLLI2SCmd
                0x00000000       0x20 ..\obj\stm32f4xx_rcc.o
 .text.RCC_ClockSecuritySystemCmd
                0x00000000       0x20 ..\obj\stm32f4xx_rcc.o
 .text.RCC_MCO1Config
                0x00000000       0x3c ..\obj\stm32f4xx_rcc.o
 .text.RCC_MCO2Config
                0x00000000       0x3c ..\obj\stm32f4xx_rcc.o
 .text.RCC_SYSCLKConfig
                0x00000000       0x38 ..\obj\stm32f4xx_rcc.o
 .text.RCC_GetSYSCLKSource
                0x00000000       0x1c ..\obj\stm32f4xx_rcc.o
 .text.RCC_HCLKConfig
                0x00000000       0x38 ..\obj\stm32f4xx_rcc.o
 .text.RCC_PCLK1Config
                0x00000000       0x38 ..\obj\stm32f4xx_rcc.o
 .text.RCC_PCLK2Config
                0x00000000       0x38 ..\obj\stm32f4xx_rcc.o
 .text.RCC_GetClocksFreq
                0x00000000      0x154 ..\obj\stm32f4xx_rcc.o
 .text.RCC_RTCCLKConfig
                0x00000000       0x5c ..\obj\stm32f4xx_rcc.o
 .text.RCC_RTCCLKCmd
                0x00000000       0x20 ..\obj\stm32f4xx_rcc.o
 .text.RCC_BackupResetCmd
                0x00000000       0x20 ..\obj\stm32f4xx_rcc.o
 .text.RCC_I2SCLKConfig
                0x00000000       0x1c ..\obj\stm32f4xx_rcc.o
 .text.RCC_AHB2PeriphClockCmd
                0x00000000       0x3c ..\obj\stm32f4xx_rcc.o
 .text.RCC_AHB3PeriphClockCmd
                0x00000000       0x3c ..\obj\stm32f4xx_rcc.o
 .text.RCC_APB1PeriphClockCmd
                0x00000000       0x3c ..\obj\stm32f4xx_rcc.o
 .text.RCC_APB2PeriphClockCmd
                0x00000000       0x3c ..\obj\stm32f4xx_rcc.o
 .text.RCC_AHB1PeriphResetCmd
                0x00000000       0x3c ..\obj\stm32f4xx_rcc.o
 .text.RCC_AHB2PeriphResetCmd
                0x00000000       0x3c ..\obj\stm32f4xx_rcc.o
 .text.RCC_AHB3PeriphResetCmd
                0x00000000       0x3c ..\obj\stm32f4xx_rcc.o
 .text.RCC_APB1PeriphResetCmd
                0x00000000       0x3c ..\obj\stm32f4xx_rcc.o
 .text.RCC_APB2PeriphResetCmd
                0x00000000       0x3c ..\obj\stm32f4xx_rcc.o
 .text.RCC_AHB1PeriphClockLPModeCmd
                0x00000000       0x3c ..\obj\stm32f4xx_rcc.o
 .text.RCC_AHB2PeriphClockLPModeCmd
                0x00000000       0x3c ..\obj\stm32f4xx_rcc.o
 .text.RCC_AHB3PeriphClockLPModeCmd
                0x00000000       0x3c ..\obj\stm32f4xx_rcc.o
 .text.RCC_APB1PeriphClockLPModeCmd
                0x00000000       0x3c ..\obj\stm32f4xx_rcc.o
 .text.RCC_APB2PeriphClockLPModeCmd
                0x00000000       0x3c ..\obj\stm32f4xx_rcc.o
 .text.RCC_ITConfig
                0x00000000       0x4c ..\obj\stm32f4xx_rcc.o
 .text.RCC_GetFlagStatus
                0x00000000       0x74 ..\obj\stm32f4xx_rcc.o
 .text.RCC_ClearFlag
                0x00000000       0x1c ..\obj\stm32f4xx_rcc.o
 .text.RCC_GetITStatus
                0x00000000       0x34 ..\obj\stm32f4xx_rcc.o
 .text.RCC_ClearITPendingBit
                0x00000000       0x20 ..\obj\stm32f4xx_rcc.o
 .text          0x00000000        0x0 ..\obj\blink.o
 .data          0x00000000        0x0 ..\obj\blink.o
 .bss           0x00000000        0x0 ..\obj\blink.o
 .text          0x00000000        0x0 ..\obj\button-handler.o
 .data          0x00000000        0x0 ..\obj\button-handler.o
 .bss           0x00000000        0x0 ..\obj\button-handler.o
 .text          0x00000000        0x0 ..\obj\stm32f4xx_gpio.o
 .data          0x00000000        0x0 ..\obj\stm32f4xx_gpio.o
 .bss           0x00000000        0x0 ..\obj\stm32f4xx_gpio.o
 .text.GPIO_DeInit
                0x00000000      0x120 ..\obj\stm32f4xx_gpio.o
 .text.GPIO_StructInit
                0x00000000       0x32 ..\obj\stm32f4xx_gpio.o
 .text.GPIO_PinLockConfig
                0x00000000       0x42 ..\obj\stm32f4xx_gpio.o
 .text.GPIO_ReadInputData
                0x00000000       0x18 ..\obj\stm32f4xx_gpio.o
 .text.GPIO_ReadOutputDataBit
                0x00000000       0x32 ..\obj\stm32f4xx_gpio.o
 .text.GPIO_ReadOutputData
                0x00000000       0x18 ..\obj\stm32f4xx_gpio.o
 .text.GPIO_WriteBit
                0x00000000       0x2e ..\obj\stm32f4xx_gpio.o
 .text.GPIO_Write
                0x00000000       0x1c ..\obj\stm32f4xx_gpio.o
 .text.GPIO_ToggleBits
                0x00000000       0x22 ..\obj\stm32f4xx_gpio.o
 .text.GPIO_PinAFConfig
                0x00000000       0x90 ..\obj\stm32f4xx_gpio.o
 .text          0x00000000        0x0 ..\obj\system_stm32f4xx.o
 .data          0x00000000       0x14 ..\obj\system_stm32f4xx.o
 .bss           0x00000000        0x0 ..\obj\system_stm32f4xx.o
 .text.SystemInit
                0x00000000       0x5c ..\obj\system_stm32f4xx.o
 .text.SystemCoreClockUpdate
                0x00000000       0xf8 ..\obj\system_stm32f4xx.o
 .text.SetSysClock
                0x00000000       0xf4 ..\obj\system_stm32f4xx.o
 .debug_info    0x00000000      0x624 ..\obj\system_stm32f4xx.o
 .debug_abbrev  0x00000000      0x178 ..\obj\system_stm32f4xx.o
 .debug_aranges
                0x00000000       0x30 ..\obj\system_stm32f4xx.o
 .debug_ranges  0x00000000       0x20 ..\obj\system_stm32f4xx.o
 .debug_line    0x00000000      0x31d ..\obj\system_stm32f4xx.o
 .debug_str     0x00000000      0x3ff ..\obj\system_stm32f4xx.o
 .comment       0x00000000       0x77 ..\obj\system_stm32f4xx.o
 .debug_frame   0x00000000       0x7c ..\obj\system_stm32f4xx.o
 .ARM.attributes
                0x00000000       0x2e ..\obj\system_stm32f4xx.o
 .text          0x00000000        0x0 ..\obj\stm32f4xx_exti.o
 .data          0x00000000        0x0 ..\obj\stm32f4xx_exti.o
 .bss           0x00000000        0x0 ..\obj\stm32f4xx_exti.o
 .text.EXTI_DeInit
                0x00000000       0x34 ..\obj\stm32f4xx_exti.o
 .text.EXTI_StructInit
                0x00000000       0x2a ..\obj\stm32f4xx_exti.o
 .text.EXTI_GenerateSWInterrupt
                0x00000000       0x24 ..\obj\stm32f4xx_exti.o
 .text.EXTI_GetFlagStatus
                0x00000000       0x34 ..\obj\stm32f4xx_exti.o
 .text.EXTI_ClearFlag
                0x00000000       0x1c ..\obj\stm32f4xx_exti.o
 .text          0x00000000        0x0 ..\obj\misc.o
 .data          0x00000000        0x0 ..\obj\misc.o
 .bss           0x00000000        0x0 ..\obj\misc.o
 .text.NVIC_PriorityGroupConfig
                0x00000000       0x24 ..\obj\misc.o
 .text.NVIC_SetVectorTable
                0x00000000       0x2c ..\obj\misc.o
 .text.NVIC_SystemLPConfig
                0x00000000       0x40 ..\obj\misc.o
 .text.SysTick_CLKSourceConfig
                0x00000000       0x38 ..\obj\misc.o

Memory Configuration

Name             Origin             Length             Attributes
rom              0x08000000         0x00100000         xr
ram              0x20000000         0x00020000         xrw
ram1             0x10000000         0x00010000         xrw
*default*        0x00000000         0xffffffff

Linker script and memory map

                0x20020000                _eram = 0x20020000

.text           0x08000000      0x7a8
 *(.isr_vector)
 .isr_vector    0x08000000      0x188 ..\obj\startup_stm32f4xx.o
                0x08000000                g_pfnVectors
 *(.text*)
 .text.executeState
                0x08000188       0x38 ..\obj\state.o
                0x08000188                executeState
 .text.toggleStateMode
                0x080001c0       0x22 ..\obj\state.o
                0x080001c0                toggleStateMode
 .text.delay    0x080001e2       0x26 ..\obj\delay.o
                0x080001e2                delay
 .text.setConfig
                0x08000208       0xc0 ..\obj\config.o
                0x08000208                setConfig
 .text.getStateInstance
                0x080002c8       0x14 ..\obj\config.o
                0x080002c8                getStateInstance
 .text.Default_Reset_Handler
                0x080002dc       0x5c ..\obj\startup_stm32f4xx.o
                0x080002dc                Default_Reset_Handler
                0x080002dc                Reset_Handler
 .text.Default_Handler
                0x08000338        0x6 ..\obj\startup_stm32f4xx.o
                0x08000338                RTC_Alarm_IRQHandler
                0x08000338                HASH_RNG_IRQHandler
                0x08000338                EXTI2_IRQHandler
                0x08000338                TIM8_CC_IRQHandler
                0x08000338                DebugMon_Handler
                0x08000338                TIM1_CC_IRQHandler
                0x08000338                DMA2_Stream5_IRQHandler
                0x08000338                HardFault_Handler
                0x08000338                DMA1_Stream5_IRQHandler
                0x08000338                SysTick_Handler
                0x08000338                PVD_IRQHandler
                0x08000338                SDIO_IRQHandler
                0x08000338                TAMP_STAMP_IRQHandler
                0x08000338                PendSV_Handler
                0x08000338                NMI_Handler
                0x08000338                CAN2_RX1_IRQHandler
                0x08000338                EXTI3_IRQHandler
                0x08000338                TIM8_TRG_COM_TIM14_IRQHandler
                0x08000338                TIM1_UP_TIM10_IRQHandler
                0x08000338                TIM8_UP_TIM13_IRQHandler
                0x08000338                I2C3_ER_IRQHandler
                0x08000338                I2C2_EV_IRQHandler
                0x08000338                DMA1_Stream2_IRQHandler
                0x08000338                CAN1_RX0_IRQHandler
                0x08000338                FPU_IRQHandler
                0x08000338                OTG_HS_WKUP_IRQHandler
                0x08000338                UsageFault_Handler
                0x08000338                CAN2_SCE_IRQHandler
                0x08000338                DMA2_Stream2_IRQHandler
                0x08000338                SPI1_IRQHandler
                0x08000338                TIM6_DAC_IRQHandler
                0x08000338                TIM1_BRK_TIM9_IRQHandler
                0x08000338                DCMI_IRQHandler
                0x08000338                CAN2_RX0_IRQHandler
                0x08000338                DMA2_Stream3_IRQHandler
                0x08000338                USART6_IRQHandler
                0x08000338                USART3_IRQHandler
                0x08000338                CRYP_IRQHandler
                0x08000338                CAN1_RX1_IRQHandler
                0x08000338                UART5_IRQHandler
                0x08000338                DMA2_Stream0_IRQHandler
                0x08000338                TIM4_IRQHandler
                0x08000338                I2C1_EV_IRQHandler
                0x08000338                DMA1_Stream6_IRQHandler
                0x08000338                DMA1_Stream1_IRQHandler
                0x08000338                UART4_IRQHandler
                0x08000338                TIM3_IRQHandler
                0x08000338                RCC_IRQHandler
                0x08000338                TIM8_BRK_TIM12_IRQHandler
                0x08000338                EXTI15_10_IRQHandler
                0x08000338                ADC_IRQHandler
                0x08000338                DMA1_Stream7_IRQHandler
                0x08000338                TIM7_IRQHandler
                0x08000338                CAN2_TX_IRQHandler
                0x08000338                TIM5_IRQHandler
                0x08000338                DMA2_Stream7_IRQHandler
                0x08000338                I2C3_EV_IRQHandler
                0x08000338                EXTI9_5_IRQHandler
                0x08000338                RTC_WKUP_IRQHandler
                0x08000338                ETH_WKUP_IRQHandler
                0x08000338                SPI2_IRQHandler
                0x08000338                OTG_HS_EP1_IN_IRQHandler
                0x08000338                MemManage_Handler
                0x08000338                DMA1_Stream0_IRQHandler
                0x08000338                CAN1_TX_IRQHandler
                0x08000338                SVC_Handler
                0x08000338                EXTI4_IRQHandler
                0x08000338                FSMC_IRQHandler
                0x08000338                ETH_IRQHandler
                0x08000338                OTG_HS_EP1_OUT_IRQHandler
                0x08000338                WWDG_IRQHandler
                0x08000338                TIM2_IRQHandler
                0x08000338                OTG_FS_WKUP_IRQHandler
                0x08000338                TIM1_TRG_COM_TIM11_IRQHandler
                0x08000338                OTG_HS_IRQHandler
                0x08000338                EXTI1_IRQHandler
                0x08000338                USART2_IRQHandler
                0x08000338                I2C2_ER_IRQHandler
                0x08000338                DMA2_Stream1_IRQHandler
                0x08000338                CAN1_SCE_IRQHandler
                0x08000338                FLASH_IRQHandler
                0x08000338                DMA2_Stream4_IRQHandler
                0x08000338                BusFault_Handler
                0x08000338                USART1_IRQHandler
                0x08000338                OTG_FS_IRQHandler
                0x08000338                SPI3_IRQHandler
                0x08000338                DMA1_Stream4_IRQHandler
                0x08000338                I2C1_ER_IRQHandler
                0x08000338                DMA2_Stream6_IRQHandler
                0x08000338                DMA1_Stream3_IRQHandler
 .text.main     0x0800033e       0x1a ..\obj\main.o
                0x0800033e                main
 .text.RCC_AHB1PeriphClockCmd
                0x08000358       0x3c ..\obj\stm32f4xx_rcc.o
                0x08000358                RCC_AHB1PeriphClockCmd
 .text.blink    0x08000394       0x3c ..\obj\blink.o
                0x08000394                blink
 .text.EXTI0_IRQHandler
                0x080003d0       0x48 ..\obj\button-handler.o
                0x080003d0                EXTI0_IRQHandler
 .text.GPIO_Init
                0x08000418      0x11a ..\obj\stm32f4xx_gpio.o
                0x08000418                GPIO_Init
 .text.GPIO_ReadInputDataBit
                0x08000532       0x32 ..\obj\stm32f4xx_gpio.o
                0x08000532                GPIO_ReadInputDataBit
 .text.GPIO_SetBits
                0x08000564       0x1c ..\obj\stm32f4xx_gpio.o
                0x08000564                GPIO_SetBits
 .text.GPIO_ResetBits
                0x08000580       0x1c ..\obj\stm32f4xx_gpio.o
                0x08000580                GPIO_ResetBits
 .text.EXTI_Init
                0x0800059c       0xe4 ..\obj\stm32f4xx_exti.o
                0x0800059c                EXTI_Init
 .text.EXTI_GetITStatus
                0x08000680       0x48 ..\obj\stm32f4xx_exti.o
                0x08000680                EXTI_GetITStatus
 .text.EXTI_ClearITPendingBit
                0x080006c8       0x1c ..\obj\stm32f4xx_exti.o
                0x080006c8                EXTI_ClearITPendingBit
 .text.NVIC_Init
                0x080006e4       0xc4 ..\obj\misc.o
                0x080006e4                NVIC_Init
 *(.init)
 *(.fini)
 *crtbegin.o(.ctors)
 *crtbegin?.o(.ctors)
 *(EXCLUDE_FILE(*crtend.o *crtend?.o) .ctors)
 *(SORT_BY_NAME(.ctors.*))
 *(.ctors)
 *crtbegin.o(.dtors)
 *crtbegin?.o(.dtors)
 *(EXCLUDE_FILE(*crtend.o *crtend?.o) .dtors)
 *(SORT_BY_NAME(.dtors.*))
 *(.dtors)
 *(.rodata*)
 *(.eh_fram e*)

.glue_7         0x080007a8        0x0
 .glue_7        0x080007a8        0x0 linker stubs

.glue_7t        0x080007a8        0x0
 .glue_7t       0x080007a8        0x0 linker stubs

.vfp11_veneer   0x080007a8        0x0
 .vfp11_veneer  0x080007a8        0x0 linker stubs

.v4_bx          0x080007a8        0x0
 .v4_bx         0x080007a8        0x0 linker stubs

.iplt           0x080007a8        0x0
 .iplt          0x080007a8        0x0 ..\obj\state.o

.rel.dyn        0x080007a8        0x0
 .rel.iplt      0x080007a8        0x0 ..\obj\state.o

.ARM.extab
 *(.ARM.extab* .gnu.linkonce.armextab.*)
                0x080007a8                __exidx_start = .

.ARM.exidx
 *(.ARM.exidx* .gnu.linkonce.armexidx.*)
                0x080007a8                __exidx_end = .
                0x080007a8                __etext = .
                0x080007a8                _sidata = __etext

.data           0x20000000        0x0 load address 0x080007a8
                0x20000000                __data_start__ = .
                0x20000000                _sdata = __data_start__
 *(vtable)
 *(.data*)
                0x20000000                . = ALIGN (0x4)
                [!provide]                PROVIDE (__preinit_array_start = .)
 *(.preinit_array)
                [!provide]                PROVIDE (__preinit_array_end = .)
                0x20000000                . = ALIGN (0x4)
                [!provide]                PROVIDE (__init_array_start = .)
 *(SORT_BY_NAME(.init_array.*))
 *(.init_array)
                [!provide]                PROVIDE (__init_array_end = .)
                0x20000000                . = ALIGN (0x4)
                [!provide]                PROVIDE (__fini_array_start = .)
 *(SORT_BY_NAME(.fini_array.*))
 *(.fini_array)
                [!provide]                PROVIDE (__fini_array_end = .)
 *(.jcr*)
                0x20000000                . = ALIGN (0x4)
                0x20000000                __data_end__ = .
                0x20000000                _edata = __data_end__

.igot.plt       0x20000000        0x0
 .igot.plt      0x20000000        0x0 ..\obj\state.o

.bss            0x20000000        0xc
                0x20000000                . = ALIGN (0x4)
                0x20000000                __bss_start__ = .
                0x20000000                _sbss = __bss_start__
 *(.bss*)
 *(COMMON)
 COMMON         0x20000000        0xc ..\obj\config.o
                0x20000000                state
                0x20000004                GPIO_InitStruct
                0x2000000c                . = ALIGN (0x4)
                0x2000000c                __bss_end__ = .
                0x2000000c                _ebss = __bss_end__

.heap           0x2000000c        0x0
                0x2000000c                __end__ = .
                0x2000000c                _end = __end__
                0x2000000c                end = __end__
 *(.heap*)
                0x2000000c                __HeapLimit = .

.co_stack       0x2000000c      0x804
                0x20000010                . = ALIGN (0x8)
 *fill*         0x2000000c        0x4 
 *(.co_stack .co_stack.*)
 .co_stack      0x20000010      0x800 ..\obj\startup_stm32f4xx.o
                0x20000010                pulStack
                0x20020000                __StackTop = (ORIGIN (ram) + LENGTH (ram))
                0x2001f7fc                __StackLimit = (__StackTop - SIZEOF (.co_stack))
                [!provide]                PROVIDE (__stack = __StackTop)
                0x00000001                ASSERT ((__StackLimit >= __HeapLimit), region ram  overflowed with stack)
LOAD ..\obj\stm32f4xx_syscfg.o
LOAD ..\obj\state.o
LOAD ..\obj\delay.o
LOAD ..\obj\config.o
LOAD ..\obj\startup_stm32f4xx.o
LOAD ..\obj\main.o
LOAD ..\obj\stm32f4xx_rcc.o
LOAD ..\obj\blink.o
LOAD ..\obj\button-handler.o
LOAD ..\obj\stm32f4xx_gpio.o
LOAD ..\obj\system_stm32f4xx.o
LOAD ..\obj\stm32f4xx_exti.o
LOAD ..\obj\misc.o
START GROUP
LOAD c:/program files (x86)/gnu tools arm embedded/8 2019-q3-update/bin/../lib/gcc/arm-none-eabi/8.3.1/thumb/v7e-m/nofp\libgcc.a
LOAD c:/program files (x86)/gnu tools arm embedded/8 2019-q3-update/bin/../lib/gcc/arm-none-eabi/8.3.1/../../../../arm-none-eabi/lib/thumb/v7e-m/nofp\libg.a
LOAD c:/program files (x86)/gnu tools arm embedded/8 2019-q3-update/bin/../lib/gcc/arm-none-eabi/8.3.1/../../../../arm-none-eabi/lib/thumb/v7e-m/nofp\libc.a
END GROUP
OUTPUT(microcontroller.elf elf32-littlearm)

.debug_info     0x00000000     0x3324
 .debug_info    0x00000000      0x135 ..\obj\state.o
 .debug_info    0x00000135       0x71 ..\obj\delay.o
 .debug_info    0x000001a6      0x684 ..\obj\config.o
 .debug_info    0x0000082a      0x11f ..\obj\startup_stm32f4xx.o
 .debug_info    0x00000949      0x956 ..\obj\main.o
 .debug_info    0x0000129f      0xd26 ..\obj\stm32f4xx_rcc.o
 .debug_info    0x00001fc5      0x1c6 ..\obj\blink.o
 .debug_info    0x0000218b      0x1f8 ..\obj\button-handler.o
 .debug_info    0x00002383      0x67c ..\obj\stm32f4xx_gpio.o
 .debug_info    0x000029ff      0x393 ..\obj\stm32f4xx_exti.o
 .debug_info    0x00002d92      0x592 ..\obj\misc.o

.debug_abbrev   0x00000000      0xf0a
 .debug_abbrev  0x00000000       0xcf ..\obj\state.o
 .debug_abbrev  0x000000cf       0x71 ..\obj\delay.o
 .debug_abbrev  0x00000140      0x18c ..\obj\config.o
 .debug_abbrev  0x000002cc       0xcd ..\obj\startup_stm32f4xx.o
 .debug_abbrev  0x00000399      0x1cf ..\obj\main.o
 .debug_abbrev  0x00000568      0x226 ..\obj\stm32f4xx_rcc.o
 .debug_abbrev  0x0000078e       0xe3 ..\obj\blink.o
 .debug_abbrev  0x00000871      0x133 ..\obj\button-handler.o
 .debug_abbrev  0x000009a4      0x1e6 ..\obj\stm32f4xx_gpio.o
 .debug_abbrev  0x00000b8a      0x1ea ..\obj\stm32f4xx_exti.o
 .debug_abbrev  0x00000d74      0x196 ..\obj\misc.o

.debug_aranges  0x00000000      0x390
 .debug_aranges
                0x00000000       0x28 ..\obj\state.o
 .debug_aranges
                0x00000028       0x20 ..\obj\delay.o
 .debug_aranges
                0x00000048       0x28 ..\obj\config.o
 .debug_aranges
                0x00000070       0x28 ..\obj\startup_stm32f4xx.o
 .debug_aranges
                0x00000098       0x20 ..\obj\main.o
 .debug_aranges
                0x000000b8      0x178 ..\obj\stm32f4xx_rcc.o
 .debug_aranges
                0x00000230       0x20 ..\obj\blink.o
 .debug_aranges
                0x00000250       0x20 ..\obj\button-handler.o
 .debug_aranges
                0x00000270       0x88 ..\obj\stm32f4xx_gpio.o
 .debug_aranges
                0x000002f8       0x58 ..\obj\stm32f4xx_exti.o
 .debug_aranges
                0x00000350       0x40 ..\obj\misc.o

.debug_ranges   0x00000000      0x2e0
 .debug_ranges  0x00000000       0x18 ..\obj\state.o
 .debug_ranges  0x00000018       0x10 ..\obj\delay.o
 .debug_ranges  0x00000028       0x18 ..\obj\config.o
 .debug_ranges  0x00000040       0x18 ..\obj\startup_stm32f4xx.o
 .debug_ranges  0x00000058       0x10 ..\obj\main.o
 .debug_ranges  0x00000068      0x168 ..\obj\stm32f4xx_rcc.o
 .debug_ranges  0x000001d0       0x10 ..\obj\blink.o
 .debug_ranges  0x000001e0       0x10 ..\obj\button-handler.o
 .debug_ranges  0x000001f0       0x78 ..\obj\stm32f4xx_gpio.o
 .debug_ranges  0x00000268       0x48 ..\obj\stm32f4xx_exti.o
 .debug_ranges  0x000002b0       0x30 ..\obj\misc.o

.debug_line     0x00000000     0x20d6
 .debug_line    0x00000000      0x204 ..\obj\state.o
 .debug_line    0x00000204       0x7f ..\obj\delay.o
 .debug_line    0x00000283      0x2ac ..\obj\config.o
 .debug_line    0x0000052f       0xbf ..\obj\startup_stm32f4xx.o
 .debug_line    0x000005ee      0x161 ..\obj\main.o
 .debug_line    0x0000074f      0x997 ..\obj\stm32f4xx_rcc.o
 .debug_line    0x000010e6      0x1d9 ..\obj\blink.o
 .debug_line    0x000012bf      0x1ff ..\obj\button-handler.o
 .debug_line    0x000014be      0x52a ..\obj\stm32f4xx_gpio.o
 .debug_line    0x000019e8      0x3c9 ..\obj\stm32f4xx_exti.o
 .debug_line    0x00001db1      0x325 ..\obj\misc.o

.debug_str      0x00000000     0x1a7c
 .debug_str     0x00000000      0x1bd ..\obj\state.o
                                0x217 (size before relaxing)
 .debug_str     0x000001bd       0x3f ..\obj\delay.o
                                0x129 (size before relaxing)
 .debug_str     0x000001fc      0x867 ..\obj\config.o
                                0xa3c (size before relaxing)
 .debug_str     0x00000a63       0xc4 ..\obj\startup_stm32f4xx.o
                                0x1bb (size before relaxing)
 .debug_str     0x00000b27      0x3ff ..\obj\main.o
                                0x594 (size before relaxing)
 .debug_str     0x00000f26      0x697 ..\obj\stm32f4xx_rcc.o
                                0x8b5 (size before relaxing)
 .debug_str     0x000015bd       0x38 ..\obj\blink.o
                                0x234 (size before relaxing)
 .debug_str     0x000015f5       0x4c ..\obj\button-handler.o
                                0x253 (size before relaxing)
 .debug_str     0x00001641      0x195 ..\obj\stm32f4xx_gpio.o
                                0x508 (size before relaxing)
 .debug_str     0x000017d6       0xff ..\obj\stm32f4xx_exti.o
                                0x3be (size before relaxing)
 .debug_str     0x000018d5      0x1a7 ..\obj\misc.o
                                0x433 (size before relaxing)

.comment        0x00000000       0x76
 .comment       0x00000000       0x76 ..\obj\state.o
                                 0x77 (size before relaxing)
 .comment       0x00000076       0x77 ..\obj\delay.o
 .comment       0x00000076       0x77 ..\obj\config.o
 .comment       0x00000076       0x77 ..\obj\startup_stm32f4xx.o
 .comment       0x00000076       0x77 ..\obj\main.o
 .comment       0x00000076       0x77 ..\obj\stm32f4xx_rcc.o
 .comment       0x00000076       0x77 ..\obj\blink.o
 .comment       0x00000076       0x77 ..\obj\button-handler.o
 .comment       0x00000076       0x77 ..\obj\stm32f4xx_gpio.o
 .comment       0x00000076       0x77 ..\obj\stm32f4xx_exti.o
 .comment       0x00000076       0x77 ..\obj\misc.o

.ARM.attributes
                0x00000000       0x2e
 .ARM.attributes
                0x00000000       0x2e ..\obj\state.o
 .ARM.attributes
                0x0000002e       0x2e ..\obj\delay.o
 .ARM.attributes
                0x0000005c       0x2e ..\obj\config.o
 .ARM.attributes
                0x0000008a       0x2e ..\obj\startup_stm32f4xx.o
 .ARM.attributes
                0x000000b8       0x2e ..\obj\main.o
 .ARM.attributes
                0x000000e6       0x2e ..\obj\stm32f4xx_rcc.o
 .ARM.attributes
                0x00000114       0x2e ..\obj\blink.o
 .ARM.attributes
                0x00000142       0x2e ..\obj\button-handler.o
 .ARM.attributes
                0x00000170       0x2e ..\obj\stm32f4xx_gpio.o
 .ARM.attributes
                0x0000019e       0x2e ..\obj\stm32f4xx_exti.o
 .ARM.attributes
                0x000001cc       0x2e ..\obj\misc.o

.debug_frame    0x00000000      0xcfc
 .debug_frame   0x00000000       0x5c ..\obj\state.o
 .debug_frame   0x0000005c       0x38 ..\obj\delay.o
 .debug_frame   0x00000094       0x54 ..\obj\config.o
 .debug_frame   0x000000e8       0x4c ..\obj\startup_stm32f4xx.o
 .debug_frame   0x00000134       0x30 ..\obj\main.o
 .debug_frame   0x00000164      0x6d4 ..\obj\stm32f4xx_rcc.o
 .debug_frame   0x00000838       0x34 ..\obj\blink.o
 .debug_frame   0x0000086c       0x34 ..\obj\button-handler.o
 .debug_frame   0x000008a0      0x23c ..\obj\stm32f4xx_gpio.o
 .debug_frame   0x00000adc      0x148 ..\obj\stm32f4xx_exti.o
 .debug_frame   0x00000c24       0xd8 ..\obj\misc.o
