
Allocating common symbols
Common symbol       size              file

state               0xc               ..\obj\state.o
GPIO_InitStruct     0x8               ..\obj\config.o

Discarded input sections

 .text          0x00000000        0x0 ..\obj\stm32f4xx_syscfg.o
 .data          0x00000000        0x0 ..\obj\stm32f4xx_syscfg.o
 .bss           0x00000000        0x0 ..\obj\stm32f4xx_syscfg.o
 .text.SYSCFG_DeInit
                0x00000000       0x1c ..\obj\stm32f4xx_syscfg.o
 .text.SYSCFG_MemoryRemapConfig
                0x00000000       0x20 ..\obj\stm32f4xx_syscfg.o
 .text.SYSCFG_EXTILineConfig
                0x00000000       0x80 ..\obj\stm32f4xx_syscfg.o
 .text.SYSCFG_ETH_MediaInterfaceConfig
                0x00000000       0x1c ..\obj\stm32f4xx_syscfg.o
 .text.SYSCFG_CompensationCellCmd
                0x00000000       0x20 ..\obj\stm32f4xx_syscfg.o
 .text.SYSCFG_GetCompensationCellStatus
                0x00000000       0x30 ..\obj\stm32f4xx_syscfg.o
 .debug_info    0x00000000      0x29e ..\obj\stm32f4xx_syscfg.o
 .debug_abbrev  0x00000000      0x164 ..\obj\stm32f4xx_syscfg.o
 .debug_aranges
                0x00000000       0x48 ..\obj\stm32f4xx_syscfg.o
 .debug_ranges  0x00000000       0x38 ..\obj\stm32f4xx_syscfg.o
 .debug_line    0x00000000      0x2b0 ..\obj\stm32f4xx_syscfg.o
 .debug_str     0x00000000      0x35f ..\obj\stm32f4xx_syscfg.o
 .comment       0x00000000       0x77 ..\obj\stm32f4xx_syscfg.o
 .debug_frame   0x00000000       0xf4 ..\obj\stm32f4xx_syscfg.o
 .ARM.attributes
                0x00000000       0x2e ..\obj\stm32f4xx_syscfg.o
 .text          0x00000000        0x0 ..\obj\state.o
 .bss           0x00000000        0x0 ..\obj\state.o
 .text          0x00000000        0x0 ..\obj\config.o
 .bss           0x00000000        0x0 ..\obj\config.o
 COMMON         0x00000000        0x8 ..\obj\config.o
 .text          0x00000000        0x0 ..\obj\startup_stm32f4xx.o
 .data          0x00000000        0x0 ..\obj\startup_stm32f4xx.o
 .bss           0x00000000        0x0 ..\obj\startup_stm32f4xx.o
 .text          0x00000000        0x0 ..\obj\main.o
 .data          0x00000000        0x0 ..\obj\main.o
 .bss           0x00000000        0x0 ..\obj\main.o
 .text          0x00000000        0x0 ..\obj\stm32f4xx_rcc.o
 .data          0x00000000       0x10 ..\obj\stm32f4xx_rcc.o
 .bss           0x00000000        0x0 ..\obj\stm32f4xx_rcc.o
 .text.RCC_DeInit
                0x00000000       0x50 ..\obj\stm32f4xx_rcc.o
 .text.RCC_HSEConfig
                0x00000000       0x24 ..\obj\stm32f4xx_rcc.o
 .text.RCC_WaitForHSEStartUp
                0x00000000       0x50 ..\obj\stm32f4xx_rcc.o
 .text.RCC_AdjustHSICalibrationValue
                0x00000000       0x3c ..\obj\stm32f4xx_rcc.o
 .text.RCC_HSICmd
                0x00000000       0x20 ..\obj\stm32f4xx_rcc.o
 .text.RCC_LSEConfig
                0x00000000       0x40 ..\obj\stm32f4xx_rcc.o
 .text.RCC_LSICmd
                0x00000000       0x20 ..\obj\stm32f4xx_rcc.o
 .text.RCC_PLLConfig
                0x00000000       0x3c ..\obj\stm32f4xx_rcc.o
 .text.RCC_PLLCmd
                0x00000000       0x20 ..\obj\stm32f4xx_rcc.o
 .text.RCC_PLLI2SConfig
                0x00000000       0x28 ..\obj\stm32f4xx_rcc.o
 .text.RCC_PLLI2SCmd
                0x00000000       0x20 ..\obj\stm32f4xx_rcc.o
 .text.RCC_ClockSecuritySystemCmd
                0x00000000       0x20 ..\obj\stm32f4xx_rcc.o
 .text.RCC_MCO1Config
                0x00000000       0x3c ..\obj\stm32f4xx_rcc.o
 .text.RCC_MCO2Config
                0x00000000       0x3c ..\obj\stm32f4xx_rcc.o
 .text.RCC_SYSCLKConfig
                0x00000000       0x38 ..\obj\stm32f4xx_rcc.o
 .text.RCC_GetSYSCLKSource
                0x00000000       0x1c ..\obj\stm32f4xx_rcc.o
 .text.RCC_HCLKConfig
                0x00000000       0x38 ..\obj\stm32f4xx_rcc.o
 .text.RCC_PCLK1Config
                0x00000000       0x38 ..\obj\stm32f4xx_rcc.o
 .text.RCC_PCLK2Config
                0x00000000       0x38 ..\obj\stm32f4xx_rcc.o
 .text.RCC_GetClocksFreq
                0x00000000      0x154 ..\obj\stm32f4xx_rcc.o
 .text.RCC_RTCCLKConfig
                0x00000000       0x5c ..\obj\stm32f4xx_rcc.o
 .text.RCC_RTCCLKCmd
                0x00000000       0x20 ..\obj\stm32f4xx_rcc.o
 .text.RCC_BackupResetCmd
                0x00000000       0x20 ..\obj\stm32f4xx_rcc.o
 .text.RCC_I2SCLKConfig
                0x00000000       0x1c ..\obj\stm32f4xx_rcc.o
 .text.RCC_AHB2PeriphClockCmd
                0x00000000       0x3c ..\obj\stm32f4xx_rcc.o
 .text.RCC_AHB3PeriphClockCmd
                0x00000000       0x3c ..\obj\stm32f4xx_rcc.o
 .text.RCC_APB2PeriphClockCmd
                0x00000000       0x3c ..\obj\stm32f4xx_rcc.o
 .text.RCC_AHB1PeriphResetCmd
                0x00000000       0x3c ..\obj\stm32f4xx_rcc.o
 .text.RCC_AHB2PeriphResetCmd
                0x00000000       0x3c ..\obj\stm32f4xx_rcc.o
 .text.RCC_AHB3PeriphResetCmd
                0x00000000       0x3c ..\obj\stm32f4xx_rcc.o
 .text.RCC_APB1PeriphResetCmd
                0x00000000       0x3c ..\obj\stm32f4xx_rcc.o
 .text.RCC_APB2PeriphResetCmd
                0x00000000       0x3c ..\obj\stm32f4xx_rcc.o
 .text.RCC_AHB1PeriphClockLPModeCmd
                0x00000000       0x3c ..\obj\stm32f4xx_rcc.o
 .text.RCC_AHB2PeriphClockLPModeCmd
                0x00000000       0x3c ..\obj\stm32f4xx_rcc.o
 .text.RCC_AHB3PeriphClockLPModeCmd
                0x00000000       0x3c ..\obj\stm32f4xx_rcc.o
 .text.RCC_APB1PeriphClockLPModeCmd
                0x00000000       0x3c ..\obj\stm32f4xx_rcc.o
 .text.RCC_APB2PeriphClockLPModeCmd
                0x00000000       0x3c ..\obj\stm32f4xx_rcc.o
 .text.RCC_ITConfig
                0x00000000       0x4c ..\obj\stm32f4xx_rcc.o
 .text.RCC_GetFlagStatus
                0x00000000       0x74 ..\obj\stm32f4xx_rcc.o
 .text.RCC_ClearFlag
                0x00000000       0x1c ..\obj\stm32f4xx_rcc.o
 .text.RCC_GetITStatus
                0x00000000       0x34 ..\obj\stm32f4xx_rcc.o
 .text.RCC_ClearITPendingBit
                0x00000000       0x20 ..\obj\stm32f4xx_rcc.o
 .text          0x00000000        0x0 ..\obj\timer-4-handler.o
 .data          0x00000000        0x0 ..\obj\timer-4-handler.o
 .bss           0x00000000        0x0 ..\obj\timer-4-handler.o
 .text          0x00000000        0x0 ..\obj\on-button-pressed-logic.o
 .data          0x00000000        0x0 ..\obj\on-button-pressed-logic.o
 .bss           0x00000000        0x0 ..\obj\on-button-pressed-logic.o
 .text          0x00000000        0x0 ..\obj\stm32f4xx_gpio.o
 .data          0x00000000        0x0 ..\obj\stm32f4xx_gpio.o
 .bss           0x00000000        0x0 ..\obj\stm32f4xx_gpio.o
 .text.GPIO_DeInit
                0x00000000      0x120 ..\obj\stm32f4xx_gpio.o
 .text.GPIO_PinLockConfig
                0x00000000       0x42 ..\obj\stm32f4xx_gpio.o
 .text.GPIO_ReadInputData
                0x00000000       0x18 ..\obj\stm32f4xx_gpio.o
 .text.GPIO_ReadOutputDataBit
                0x00000000       0x32 ..\obj\stm32f4xx_gpio.o
 .text.GPIO_ReadOutputData
                0x00000000       0x18 ..\obj\stm32f4xx_gpio.o
 .text.GPIO_WriteBit
                0x00000000       0x2e ..\obj\stm32f4xx_gpio.o
 .text.GPIO_Write
                0x00000000       0x1c ..\obj\stm32f4xx_gpio.o
 .text.GPIO_ToggleBits
                0x00000000       0x22 ..\obj\stm32f4xx_gpio.o
 .text.GPIO_PinAFConfig
                0x00000000       0x90 ..\obj\stm32f4xx_gpio.o
 .text          0x00000000        0x0 ..\obj\system_stm32f4xx.o
 .data          0x00000000       0x14 ..\obj\system_stm32f4xx.o
 .bss           0x00000000        0x0 ..\obj\system_stm32f4xx.o
 .text.SystemCoreClockUpdate
                0x00000000       0xf8 ..\obj\system_stm32f4xx.o
 .text          0x00000000        0x0 ..\obj\timer-3-handler.o
 .data          0x00000000        0x0 ..\obj\timer-3-handler.o
 .bss           0x00000000        0x0 ..\obj\timer-3-handler.o
 .text          0x00000000        0x0 ..\obj\blink-logic.o
 .data          0x00000000        0x0 ..\obj\blink-logic.o
 .bss           0x00000000        0x0 ..\obj\blink-logic.o
 .text          0x00000000        0x0 ..\obj\misc.o
 .data          0x00000000        0x0 ..\obj\misc.o
 .bss           0x00000000        0x0 ..\obj\misc.o
 .text.NVIC_PriorityGroupConfig
                0x00000000       0x24 ..\obj\misc.o
 .text.NVIC_SetVectorTable
                0x00000000       0x2c ..\obj\misc.o
 .text.NVIC_SystemLPConfig
                0x00000000       0x40 ..\obj\misc.o
 .text.SysTick_CLKSourceConfig
                0x00000000       0x38 ..\obj\misc.o
 .text          0x00000000        0x0 ..\obj\stm32f4xx_tim.o
 .data          0x00000000        0x0 ..\obj\stm32f4xx_tim.o
 .bss           0x00000000        0x0 ..\obj\stm32f4xx_tim.o
 .text.TIM_DeInit
                0x00000000      0x1c0 ..\obj\stm32f4xx_tim.o
 .text.TIM_PrescalerConfig
                0x00000000       0x26 ..\obj\stm32f4xx_tim.o
 .text.TIM_CounterModeConfig
                0x00000000       0x36 ..\obj\stm32f4xx_tim.o
 .text.TIM_SetCounter
                0x00000000       0x1a ..\obj\stm32f4xx_tim.o
 .text.TIM_SetAutoreload
                0x00000000       0x1a ..\obj\stm32f4xx_tim.o
 .text.TIM_GetCounter
                0x00000000       0x16 ..\obj\stm32f4xx_tim.o
 .text.TIM_GetPrescaler
                0x00000000       0x18 ..\obj\stm32f4xx_tim.o
 .text.TIM_UpdateDisableConfig
                0x00000000       0x3e ..\obj\stm32f4xx_tim.o
 .text.TIM_UpdateRequestConfig
                0x00000000       0x3e ..\obj\stm32f4xx_tim.o
 .text.TIM_ARRPreloadConfig
                0x00000000       0x3e ..\obj\stm32f4xx_tim.o
 .text.TIM_SelectOnePulseMode
                0x00000000       0x36 ..\obj\stm32f4xx_tim.o
 .text.TIM_SetClockDivision
                0x00000000       0x36 ..\obj\stm32f4xx_tim.o
 .text.TIM_OC1Init
                0x00000000       0xf4 ..\obj\stm32f4xx_tim.o
 .text.TIM_OC2Init
                0x00000000      0x110 ..\obj\stm32f4xx_tim.o
 .text.TIM_OC3Init
                0x00000000      0x10c ..\obj\stm32f4xx_tim.o
 .text.TIM_OC4Init
                0x00000000       0xcc ..\obj\stm32f4xx_tim.o
 .text.TIM_OCStructInit
                0x00000000       0x42 ..\obj\stm32f4xx_tim.o
 .text.TIM_SelectOCxM
                0x00000000       0xb2 ..\obj\stm32f4xx_tim.o
 .text.TIM_SetCompare1
                0x00000000       0x1a ..\obj\stm32f4xx_tim.o
 .text.TIM_SetCompare2
                0x00000000       0x1a ..\obj\stm32f4xx_tim.o
 .text.TIM_SetCompare3
                0x00000000       0x1a ..\obj\stm32f4xx_tim.o
 .text.TIM_SetCompare4
                0x00000000       0x1a ..\obj\stm32f4xx_tim.o
 .text.TIM_ForcedOC1Config
                0x00000000       0x36 ..\obj\stm32f4xx_tim.o
 .text.TIM_ForcedOC2Config
                0x00000000       0x3a ..\obj\stm32f4xx_tim.o
 .text.TIM_ForcedOC3Config
                0x00000000       0x36 ..\obj\stm32f4xx_tim.o
 .text.TIM_ForcedOC4Config
                0x00000000       0x3a ..\obj\stm32f4xx_tim.o
 .text.TIM_OC1PreloadConfig
                0x00000000       0x36 ..\obj\stm32f4xx_tim.o
 .text.TIM_OC2PreloadConfig
                0x00000000       0x3a ..\obj\stm32f4xx_tim.o
 .text.TIM_OC3PreloadConfig
                0x00000000       0x36 ..\obj\stm32f4xx_tim.o
 .text.TIM_OC4PreloadConfig
                0x00000000       0x3a ..\obj\stm32f4xx_tim.o
 .text.TIM_OC1FastConfig
                0x00000000       0x36 ..\obj\stm32f4xx_tim.o
 .text.TIM_OC2FastConfig
                0x00000000       0x3a ..\obj\stm32f4xx_tim.o
 .text.TIM_OC3FastConfig
                0x00000000       0x36 ..\obj\stm32f4xx_tim.o
 .text.TIM_OC4FastConfig
                0x00000000       0x3a ..\obj\stm32f4xx_tim.o
 .text.TIM_ClearOC1Ref
                0x00000000       0x36 ..\obj\stm32f4xx_tim.o
 .text.TIM_ClearOC2Ref
                0x00000000       0x3a ..\obj\stm32f4xx_tim.o
 .text.TIM_ClearOC3Ref
                0x00000000       0x36 ..\obj\stm32f4xx_tim.o
 .text.TIM_ClearOC4Ref
                0x00000000       0x3a ..\obj\stm32f4xx_tim.o
 .text.TIM_OC1PolarityConfig
                0x00000000       0x36 ..\obj\stm32f4xx_tim.o
 .text.TIM_OC1NPolarityConfig
                0x00000000       0x36 ..\obj\stm32f4xx_tim.o
 .text.TIM_OC2PolarityConfig
                0x00000000       0x3a ..\obj\stm32f4xx_tim.o
 .text.TIM_OC2NPolarityConfig
                0x00000000       0x3a ..\obj\stm32f4xx_tim.o
 .text.TIM_OC3PolarityConfig
                0x00000000       0x3a ..\obj\stm32f4xx_tim.o
 .text.TIM_OC3NPolarityConfig
                0x00000000       0x3a ..\obj\stm32f4xx_tim.o
 .text.TIM_OC4PolarityConfig
                0x00000000       0x3a ..\obj\stm32f4xx_tim.o
 .text.TIM_CCxCmd
                0x00000000       0x54 ..\obj\stm32f4xx_tim.o
 .text.TIM_CCxNCmd
                0x00000000       0x54 ..\obj\stm32f4xx_tim.o
 .text.TIM_ICInit
                0x00000000       0xa8 ..\obj\stm32f4xx_tim.o
 .text.TIM_ICStructInit
                0x00000000       0x30 ..\obj\stm32f4xx_tim.o
 .text.TIM_PWMIConfig
                0x00000000       0xb8 ..\obj\stm32f4xx_tim.o
 .text.TIM_GetCapture1
                0x00000000       0x16 ..\obj\stm32f4xx_tim.o
 .text.TIM_GetCapture2
                0x00000000       0x16 ..\obj\stm32f4xx_tim.o
 .text.TIM_GetCapture3
                0x00000000       0x16 ..\obj\stm32f4xx_tim.o
 .text.TIM_GetCapture4
                0x00000000       0x16 ..\obj\stm32f4xx_tim.o
 .text.TIM_SetIC1Prescaler
                0x00000000       0x36 ..\obj\stm32f4xx_tim.o
 .text.TIM_SetIC2Prescaler
                0x00000000       0x3a ..\obj\stm32f4xx_tim.o
 .text.TIM_SetIC3Prescaler
                0x00000000       0x36 ..\obj\stm32f4xx_tim.o
 .text.TIM_SetIC4Prescaler
                0x00000000       0x3a ..\obj\stm32f4xx_tim.o
 .text.TIM_BDTRConfig
                0x00000000       0x4e ..\obj\stm32f4xx_tim.o
 .text.TIM_BDTRStructInit
                0x00000000       0x3c ..\obj\stm32f4xx_tim.o
 .text.TIM_CtrlPWMOutputs
                0x00000000       0x4a ..\obj\stm32f4xx_tim.o
 .text.TIM_SelectCOM
                0x00000000       0x3e ..\obj\stm32f4xx_tim.o
 .text.TIM_CCPreloadControl
                0x00000000       0x3e ..\obj\stm32f4xx_tim.o
 .text.TIM_GenerateEvent
                0x00000000       0x1c ..\obj\stm32f4xx_tim.o
 .text.TIM_GetFlagStatus
                0x00000000       0x36 ..\obj\stm32f4xx_tim.o
 .text.TIM_ClearFlag
                0x00000000       0x20 ..\obj\stm32f4xx_tim.o
 .text.TIM_DMAConfig
                0x00000000       0x28 ..\obj\stm32f4xx_tim.o
 .text.TIM_DMACmd
                0x00000000       0x46 ..\obj\stm32f4xx_tim.o
 .text.TIM_SelectCCDMA
                0x00000000       0x3e ..\obj\stm32f4xx_tim.o
 .text.TIM_InternalClockConfig
                0x00000000       0x22 ..\obj\stm32f4xx_tim.o
 .text.TIM_ITRxExternalClockConfig
                0x00000000       0x2e ..\obj\stm32f4xx_tim.o
 .text.TIM_TIxExternalClockConfig
                0x00000000       0x5c ..\obj\stm32f4xx_tim.o
 .text.TIM_ETRClockMode1Config
                0x00000000       0x5e ..\obj\stm32f4xx_tim.o
 .text.TIM_ETRClockMode2Config
                0x00000000       0x3e ..\obj\stm32f4xx_tim.o
 .text.TIM_SelectInputTrigger
                0x00000000       0x36 ..\obj\stm32f4xx_tim.o
 .text.TIM_SelectOutputTrigger
                0x00000000       0x36 ..\obj\stm32f4xx_tim.o
 .text.TIM_SelectSlaveMode
                0x00000000       0x36 ..\obj\stm32f4xx_tim.o
 .text.TIM_SelectMasterSlaveMode
                0x00000000       0x36 ..\obj\stm32f4xx_tim.o
 .text.TIM_ETRConfig
                0x00000000       0x52 ..\obj\stm32f4xx_tim.o
 .text.TIM_EncoderInterfaceConfig
                0x00000000       0x96 ..\obj\stm32f4xx_tim.o
 .text.TIM_SelectHallSensor
                0x00000000       0x3e ..\obj\stm32f4xx_tim.o
 .text.TIM_RemapConfig
                0x00000000       0x1e ..\obj\stm32f4xx_tim.o
 .text.TI1_Config
                0x00000000       0x84 ..\obj\stm32f4xx_tim.o
 .text.TI2_Config
                0x00000000       0x98 ..\obj\stm32f4xx_tim.o
 .text.TI3_Config
                0x00000000       0x8e ..\obj\stm32f4xx_tim.o
 .text.TI4_Config
                0x00000000       0x9c ..\obj\stm32f4xx_tim.o

Memory Configuration

Name             Origin             Length             Attributes
rom              0x08000000         0x00100000         xr
ram              0x20000000         0x00020000         xrw
ram1             0x10000000         0x00010000         xrw
*default*        0x00000000         0xffffffff

Linker script and memory map

                0x20020000                _eram = 0x20020000

.text           0x08000000      0xd14
 *(.isr_vector)
 .isr_vector    0x08000000      0x188 ..\obj\startup_stm32f4xx.o
                0x08000000                g_pfnVectors
 *(.text*)
 .text.getStateCounter
                0x08000188       0x14 ..\obj\state.o
                0x08000188                getStateCounter
 .text.setStateCounter
                0x0800019c       0x1c ..\obj\state.o
                0x0800019c                setStateCounter
 .text.getStateMode
                0x080001b8       0x14 ..\obj\state.o
                0x080001b8                getStateMode
 .text.setStateMode
                0x080001cc       0x1c ..\obj\state.o
                0x080001cc                setStateMode
 .text.getStateSum
                0x080001e8       0x14 ..\obj\state.o
                0x080001e8                getStateSum
 .text.setStateSum
                0x080001fc       0x1c ..\obj\state.o
                0x080001fc                setStateSum
 .text.getStatePeriods
                0x08000218       0x14 ..\obj\state.o
                0x08000218                getStatePeriods
 .text.setStatePeriods
                0x0800022c       0x1c ..\obj\state.o
                0x0800022c                setStatePeriods
 .text.getStatePins
                0x08000248       0x14 ..\obj\state.o
                0x08000248                getStatePins
 .text.setStatePins
                0x0800025c       0x1c ..\obj\state.o
                0x0800025c                setStatePins
 .text.setTime  0x08000278       0x1c ..\obj\config.o
                0x08000278                setTime
 .text.setGpioPortD
                0x08000294       0x38 ..\obj\config.o
                0x08000294                setGpioPortD
 .text.setGpioPortA
                0x080002cc       0x2c ..\obj\config.o
                0x080002cc                setGpioPortA
 .text.setNvicTim3
                0x080002f8       0x26 ..\obj\config.o
                0x080002f8                setNvicTim3
 .text.setNvicTim4
                0x0800031e       0x26 ..\obj\config.o
                0x0800031e                setNvicTim4
 .text.setTim3  0x08000344       0x58 ..\obj\config.o
                0x08000344                setTim3
 .text.setTim4  0x0800039c       0x64 ..\obj\config.o
                0x0800039c                setTim4
 .text.Default_Reset_Handler
                0x08000400       0x5c ..\obj\startup_stm32f4xx.o
                0x08000400                Default_Reset_Handler
                0x08000400                Reset_Handler
 .text.Default_Handler
                0x0800045c        0x6 ..\obj\startup_stm32f4xx.o
                0x0800045c                RTC_Alarm_IRQHandler
                0x0800045c                HASH_RNG_IRQHandler
                0x0800045c                EXTI2_IRQHandler
                0x0800045c                TIM8_CC_IRQHandler
                0x0800045c                DebugMon_Handler
                0x0800045c                TIM1_CC_IRQHandler
                0x0800045c                DMA2_Stream5_IRQHandler
                0x0800045c                HardFault_Handler
                0x0800045c                DMA1_Stream5_IRQHandler
                0x0800045c                SysTick_Handler
                0x0800045c                PVD_IRQHandler
                0x0800045c                SDIO_IRQHandler
                0x0800045c                TAMP_STAMP_IRQHandler
                0x0800045c                PendSV_Handler
                0x0800045c                NMI_Handler
                0x0800045c                CAN2_RX1_IRQHandler
                0x0800045c                EXTI3_IRQHandler
                0x0800045c                TIM8_TRG_COM_TIM14_IRQHandler
                0x0800045c                TIM1_UP_TIM10_IRQHandler
                0x0800045c                TIM8_UP_TIM13_IRQHandler
                0x0800045c                I2C3_ER_IRQHandler
                0x0800045c                EXTI0_IRQHandler
                0x0800045c                I2C2_EV_IRQHandler
                0x0800045c                DMA1_Stream2_IRQHandler
                0x0800045c                CAN1_RX0_IRQHandler
                0x0800045c                FPU_IRQHandler
                0x0800045c                OTG_HS_WKUP_IRQHandler
                0x0800045c                UsageFault_Handler
                0x0800045c                CAN2_SCE_IRQHandler
                0x0800045c                DMA2_Stream2_IRQHandler
                0x0800045c                SPI1_IRQHandler
                0x0800045c                TIM6_DAC_IRQHandler
                0x0800045c                TIM1_BRK_TIM9_IRQHandler
                0x0800045c                DCMI_IRQHandler
                0x0800045c                CAN2_RX0_IRQHandler
                0x0800045c                DMA2_Stream3_IRQHandler
                0x0800045c                USART6_IRQHandler
                0x0800045c                USART3_IRQHandler
                0x0800045c                CRYP_IRQHandler
                0x0800045c                CAN1_RX1_IRQHandler
                0x0800045c                UART5_IRQHandler
                0x0800045c                DMA2_Stream0_IRQHandler
                0x0800045c                I2C1_EV_IRQHandler
                0x0800045c                DMA1_Stream6_IRQHandler
                0x0800045c                DMA1_Stream1_IRQHandler
                0x0800045c                UART4_IRQHandler
                0x0800045c                RCC_IRQHandler
                0x0800045c                TIM8_BRK_TIM12_IRQHandler
                0x0800045c                EXTI15_10_IRQHandler
                0x0800045c                ADC_IRQHandler
                0x0800045c                DMA1_Stream7_IRQHandler
                0x0800045c                TIM7_IRQHandler
                0x0800045c                CAN2_TX_IRQHandler
                0x0800045c                TIM5_IRQHandler
                0x0800045c                DMA2_Stream7_IRQHandler
                0x0800045c                I2C3_EV_IRQHandler
                0x0800045c                EXTI9_5_IRQHandler
                0x0800045c                RTC_WKUP_IRQHandler
                0x0800045c                ETH_WKUP_IRQHandler
                0x0800045c                SPI2_IRQHandler
                0x0800045c                OTG_HS_EP1_IN_IRQHandler
                0x0800045c                MemManage_Handler
                0x0800045c                DMA1_Stream0_IRQHandler
                0x0800045c                CAN1_TX_IRQHandler
                0x0800045c                SVC_Handler
                0x0800045c                EXTI4_IRQHandler
                0x0800045c                FSMC_IRQHandler
                0x0800045c                ETH_IRQHandler
                0x0800045c                OTG_HS_EP1_OUT_IRQHandler
                0x0800045c                WWDG_IRQHandler
                0x0800045c                TIM2_IRQHandler
                0x0800045c                OTG_FS_WKUP_IRQHandler
                0x0800045c                TIM1_TRG_COM_TIM11_IRQHandler
                0x0800045c                OTG_HS_IRQHandler
                0x0800045c                EXTI1_IRQHandler
                0x0800045c                USART2_IRQHandler
                0x0800045c                I2C2_ER_IRQHandler
                0x0800045c                DMA2_Stream1_IRQHandler
                0x0800045c                CAN1_SCE_IRQHandler
                0x0800045c                FLASH_IRQHandler
                0x0800045c                DMA2_Stream4_IRQHandler
                0x0800045c                BusFault_Handler
                0x0800045c                USART1_IRQHandler
                0x0800045c                OTG_FS_IRQHandler
                0x0800045c                SPI3_IRQHandler
                0x0800045c                DMA1_Stream4_IRQHandler
                0x0800045c                I2C1_ER_IRQHandler
                0x0800045c                DMA2_Stream6_IRQHandler
                0x0800045c                DMA1_Stream3_IRQHandler
 *fill*         0x08000462        0x2 
 .text.main     0x08000464       0x68 ..\obj\main.o
                0x08000464                main
 .text.RCC_AHB1PeriphClockCmd
                0x080004cc       0x3c ..\obj\stm32f4xx_rcc.o
                0x080004cc                RCC_AHB1PeriphClockCmd
 .text.RCC_APB1PeriphClockCmd
                0x08000508       0x3c ..\obj\stm32f4xx_rcc.o
                0x08000508                RCC_APB1PeriphClockCmd
 .text.TIM4_IRQHandler
                0x08000544       0x58 ..\obj\timer-4-handler.o
                0x08000544                TIM4_IRQHandler
 .text.onPressButton
                0x0800059c       0x42 ..\obj\on-button-pressed-logic.o
                0x0800059c                onPressButton
 .text.GPIO_Init
                0x080005de      0x11a ..\obj\stm32f4xx_gpio.o
                0x080005de                GPIO_Init
 .text.GPIO_StructInit
                0x080006f8       0x32 ..\obj\stm32f4xx_gpio.o
                0x080006f8                GPIO_StructInit
 .text.GPIO_ReadInputDataBit
                0x0800072a       0x32 ..\obj\stm32f4xx_gpio.o
                0x0800072a                GPIO_ReadInputDataBit
 .text.GPIO_SetBits
                0x0800075c       0x1c ..\obj\stm32f4xx_gpio.o
                0x0800075c                GPIO_SetBits
 .text.GPIO_ResetBits
                0x08000778       0x1c ..\obj\stm32f4xx_gpio.o
                0x08000778                GPIO_ResetBits
 .text.SystemInit
                0x08000794       0x5c ..\obj\system_stm32f4xx.o
                0x08000794                SystemInit
 .text.SetSysClock
                0x080007f0       0xf4 ..\obj\system_stm32f4xx.o
 .text.TIM3_IRQHandler
                0x080008e4       0x7c ..\obj\timer-3-handler.o
                0x080008e4                TIM3_IRQHandler
 .text.blink    0x08000960       0xd4 ..\obj\blink-logic.o
                0x08000960                blink
 .text.NVIC_Init
                0x08000a34       0xc4 ..\obj\misc.o
                0x08000a34                NVIC_Init
 .text.TIM_TimeBaseInit
                0x08000af8       0xd4 ..\obj\stm32f4xx_tim.o
                0x08000af8                TIM_TimeBaseInit
 .text.TIM_TimeBaseStructInit
                0x08000bcc       0x32 ..\obj\stm32f4xx_tim.o
                0x08000bcc                TIM_TimeBaseStructInit
 .text.TIM_Cmd  0x08000bfe       0x3e ..\obj\stm32f4xx_tim.o
                0x08000bfe                TIM_Cmd
 .text.TIM_ITConfig
                0x08000c3c       0x46 ..\obj\stm32f4xx_tim.o
                0x08000c3c                TIM_ITConfig
 .text.TIM_GetITStatus
                0x08000c82       0x52 ..\obj\stm32f4xx_tim.o
                0x08000c82                TIM_GetITStatus
 .text.TIM_ClearITPendingBit
                0x08000cd4       0x20 ..\obj\stm32f4xx_tim.o
                0x08000cd4                TIM_ClearITPendingBit
 *(.init)
 *(.fini)
 *crtbegin.o(.ctors)
 *crtbegin?.o(.ctors)
 *(EXCLUDE_FILE(*crtend.o *crtend?.o) .ctors)
 *(SORT_BY_NAME(.ctors.*))
 *(.ctors)
 *crtbegin.o(.dtors)
 *crtbegin?.o(.dtors)
 *(EXCLUDE_FILE(*crtend.o *crtend?.o) .dtors)
 *(SORT_BY_NAME(.dtors.*))
 *(.dtors)
 *(.rodata*)
 .rodata        0x08000cf4       0x20 ..\obj\main.o
 *(.eh_fram e*)

.glue_7         0x08000d14        0x0
 .glue_7        0x08000d14        0x0 linker stubs

.glue_7t        0x08000d14        0x0
 .glue_7t       0x08000d14        0x0 linker stubs

.vfp11_veneer   0x08000d14        0x0
 .vfp11_veneer  0x08000d14        0x0 linker stubs

.v4_bx          0x08000d14        0x0
 .v4_bx         0x08000d14        0x0 linker stubs

.iplt           0x08000d14        0x0
 .iplt          0x08000d14        0x0 ..\obj\state.o

.rel.dyn        0x08000d14        0x0
 .rel.iplt      0x08000d14        0x0 ..\obj\state.o

.ARM.extab
 *(.ARM.extab* .gnu.linkonce.armextab.*)
                0x08000d14                __exidx_start = .

.ARM.exidx
 *(.ARM.exidx* .gnu.linkonce.armexidx.*)
                0x08000d14                __exidx_end = .
                0x08000d14                __etext = .
                0x08000d14                _sidata = __etext

.data           0x20000000       0x2c load address 0x08000d14
                0x20000000                __data_start__ = .
                0x20000000                _sdata = __data_start__
 *(vtable)
 *(.data*)
 .data          0x20000000       0x20 ..\obj\state.o
                0x20000000                periods
                0x20000010                pins
 .data          0x20000020        0xc ..\obj\config.o
                0x20000020                time
                0x20000024                prescaler
                0x20000028                tWriting
                0x2000002c                . = ALIGN (0x4)
                [!provide]                PROVIDE (__preinit_array_start = .)
 *(.preinit_array)
                [!provide]                PROVIDE (__preinit_array_end = .)
                0x2000002c                . = ALIGN (0x4)
                [!provide]                PROVIDE (__init_array_start = .)
 *(SORT_BY_NAME(.init_array.*))
 *(.init_array)
                [!provide]                PROVIDE (__init_array_end = .)
                0x2000002c                . = ALIGN (0x4)
                [!provide]                PROVIDE (__fini_array_start = .)
 *(SORT_BY_NAME(.fini_array.*))
 *(.fini_array)
                [!provide]                PROVIDE (__fini_array_end = .)
 *(.jcr*)
                0x2000002c                . = ALIGN (0x4)
                0x2000002c                __data_end__ = .
                0x2000002c                _edata = __data_end__

.igot.plt       0x2000002c        0x0 load address 0x08000d40
 .igot.plt      0x2000002c        0x0 ..\obj\state.o

.bss            0x2000002c        0xc load address 0x08000d40
                0x2000002c                . = ALIGN (0x4)
                0x2000002c                __bss_start__ = .
                0x2000002c                _sbss = __bss_start__
 *(.bss*)
 *(COMMON)
 COMMON         0x2000002c        0xc ..\obj\state.o
                0x2000002c                state
                0x20000038                . = ALIGN (0x4)
                0x20000038                __bss_end__ = .
                0x20000038                _ebss = __bss_end__

.heap           0x20000038        0x0
                0x20000038                __end__ = .
                0x20000038                _end = __end__
                0x20000038                end = __end__
 *(.heap*)
                0x20000038                __HeapLimit = .

.co_stack       0x20000038      0x800 load address 0x08000d4c
                0x20000038                . = ALIGN (0x8)
 *(.co_stack .co_stack.*)
 .co_stack      0x20000038      0x800 ..\obj\startup_stm32f4xx.o
                0x20000038                pulStack
                0x20020000                __StackTop = (ORIGIN (ram) + LENGTH (ram))
                0x2001f800                __StackLimit = (__StackTop - SIZEOF (.co_stack))
                [!provide]                PROVIDE (__stack = __StackTop)
                0x00000001                ASSERT ((__StackLimit >= __HeapLimit), region ram  overflowed with stack)
LOAD ..\obj\stm32f4xx_syscfg.o
LOAD ..\obj\state.o
LOAD ..\obj\config.o
LOAD ..\obj\startup_stm32f4xx.o
LOAD ..\obj\main.o
LOAD ..\obj\stm32f4xx_rcc.o
LOAD ..\obj\timer-4-handler.o
LOAD ..\obj\on-button-pressed-logic.o
LOAD ..\obj\stm32f4xx_gpio.o
LOAD ..\obj\system_stm32f4xx.o
LOAD ..\obj\timer-3-handler.o
LOAD ..\obj\blink-logic.o
LOAD ..\obj\misc.o
LOAD ..\obj\stm32f4xx_tim.o
START GROUP
LOAD c:/program files (x86)/gnu tools arm embedded/8 2019-q3-update/bin/../lib/gcc/arm-none-eabi/8.3.1/thumb/v7e-m/nofp\libgcc.a
LOAD c:/program files (x86)/gnu tools arm embedded/8 2019-q3-update/bin/../lib/gcc/arm-none-eabi/8.3.1/../../../../arm-none-eabi/lib/thumb/v7e-m/nofp\libg.a
LOAD c:/program files (x86)/gnu tools arm embedded/8 2019-q3-update/bin/../lib/gcc/arm-none-eabi/8.3.1/../../../../arm-none-eabi/lib/thumb/v7e-m/nofp\libc.a
END GROUP
OUTPUT(microcontroller-2.elf elf32-littlearm)

.debug_info     0x00000000     0x5d33
 .debug_info    0x00000000      0xac2 ..\obj\state.o
 .debug_info    0x00000ac2      0x911 ..\obj\config.o
 .debug_info    0x000013d3      0x11f ..\obj\startup_stm32f4xx.o
 .debug_info    0x000014f2      0x11f ..\obj\main.o
 .debug_info    0x00001611      0xd26 ..\obj\stm32f4xx_rcc.o
 .debug_info    0x00002337      0x36b ..\obj\timer-4-handler.o
 .debug_info    0x000026a2       0x61 ..\obj\on-button-pressed-logic.o
 .debug_info    0x00002703      0x67c ..\obj\stm32f4xx_gpio.o
 .debug_info    0x00002d7f      0x624 ..\obj\system_stm32f4xx.o
 .debug_info    0x000033a3      0x3e7 ..\obj\timer-3-handler.o
 .debug_info    0x0000378a      0x1f1 ..\obj\blink-logic.o
 .debug_info    0x0000397b      0x592 ..\obj\misc.o
 .debug_info    0x00003f0d     0x1e26 ..\obj\stm32f4xx_tim.o

.debug_abbrev   0x00000000     0x11a8
 .debug_abbrev  0x00000000      0x1fc ..\obj\state.o
 .debug_abbrev  0x000001fc      0x18e ..\obj\config.o
 .debug_abbrev  0x0000038a       0xcd ..\obj\startup_stm32f4xx.o
 .debug_abbrev  0x00000457       0xce ..\obj\main.o
 .debug_abbrev  0x00000525      0x226 ..\obj\stm32f4xx_rcc.o
 .debug_abbrev  0x0000074b      0x137 ..\obj\timer-4-handler.o
 .debug_abbrev  0x00000882       0x5b ..\obj\on-button-pressed-logic.o
 .debug_abbrev  0x000008dd      0x1e6 ..\obj\stm32f4xx_gpio.o
 .debug_abbrev  0x00000ac3      0x178 ..\obj\system_stm32f4xx.o
 .debug_abbrev  0x00000c3b      0x10f ..\obj\timer-3-handler.o
 .debug_abbrev  0x00000d4a      0x106 ..\obj\blink-logic.o
 .debug_abbrev  0x00000e50      0x196 ..\obj\misc.o
 .debug_abbrev  0x00000fe6      0x1c2 ..\obj\stm32f4xx_tim.o

.debug_aranges  0x00000000      0x6e8
 .debug_aranges
                0x00000000       0x68 ..\obj\state.o
 .debug_aranges
                0x00000068       0x50 ..\obj\config.o
 .debug_aranges
                0x000000b8       0x28 ..\obj\startup_stm32f4xx.o
 .debug_aranges
                0x000000e0       0x20 ..\obj\main.o
 .debug_aranges
                0x00000100      0x178 ..\obj\stm32f4xx_rcc.o
 .debug_aranges
                0x00000278       0x20 ..\obj\timer-4-handler.o
 .debug_aranges
                0x00000298       0x20 ..\obj\on-button-pressed-logic.o
 .debug_aranges
                0x000002b8       0x88 ..\obj\stm32f4xx_gpio.o
 .debug_aranges
                0x00000340       0x30 ..\obj\system_stm32f4xx.o
 .debug_aranges
                0x00000370       0x20 ..\obj\timer-3-handler.o
 .debug_aranges
                0x00000390       0x20 ..\obj\blink-logic.o
 .debug_aranges
                0x000003b0       0x40 ..\obj\misc.o
 .debug_aranges
                0x000003f0      0x2f8 ..\obj\stm32f4xx_tim.o

.debug_ranges   0x00000000      0x638
 .debug_ranges  0x00000000       0x58 ..\obj\state.o
 .debug_ranges  0x00000058       0x40 ..\obj\config.o
 .debug_ranges  0x00000098       0x18 ..\obj\startup_stm32f4xx.o
 .debug_ranges  0x000000b0       0x10 ..\obj\main.o
 .debug_ranges  0x000000c0      0x168 ..\obj\stm32f4xx_rcc.o
 .debug_ranges  0x00000228       0x10 ..\obj\timer-4-handler.o
 .debug_ranges  0x00000238       0x10 ..\obj\on-button-pressed-logic.o
 .debug_ranges  0x00000248       0x78 ..\obj\stm32f4xx_gpio.o
 .debug_ranges  0x000002c0       0x20 ..\obj\system_stm32f4xx.o
 .debug_ranges  0x000002e0       0x30 ..\obj\timer-3-handler.o
 .debug_ranges  0x00000310       0x10 ..\obj\blink-logic.o
 .debug_ranges  0x00000320       0x30 ..\obj\misc.o
 .debug_ranges  0x00000350      0x2e8 ..\obj\stm32f4xx_tim.o

.debug_line     0x00000000     0x3570
 .debug_line    0x00000000      0x22c ..\obj\state.o
 .debug_line    0x0000022c      0x33d ..\obj\config.o
 .debug_line    0x00000569       0xc1 ..\obj\startup_stm32f4xx.o
 .debug_line    0x0000062a      0x1ed ..\obj\main.o
 .debug_line    0x00000817      0x99f ..\obj\stm32f4xx_rcc.o
 .debug_line    0x000011b6      0x1ff ..\obj\timer-4-handler.o
 .debug_line    0x000013b5       0x9b ..\obj\on-button-pressed-logic.o
 .debug_line    0x00001450      0x532 ..\obj\stm32f4xx_gpio.o
 .debug_line    0x00001982      0x321 ..\obj\system_stm32f4xx.o
 .debug_line    0x00001ca3      0x212 ..\obj\timer-3-handler.o
 .debug_line    0x00001eb5      0x233 ..\obj\blink-logic.o
 .debug_line    0x000020e8      0x32d ..\obj\misc.o
 .debug_line    0x00002415     0x115b ..\obj\stm32f4xx_tim.o

.debug_str      0x00000000     0x2654
 .debug_str     0x00000000      0x5c7 ..\obj\state.o
                                0x639 (size before relaxing)
 .debug_str     0x000005c7      0x98a ..\obj\config.o
                                0xb11 (size before relaxing)
 .debug_str     0x00000f51       0xc6 ..\obj\startup_stm32f4xx.o
                                0x1c1 (size before relaxing)
 .debug_str     0x00001017       0x38 ..\obj\main.o
                                0x1fd (size before relaxing)
 .debug_str     0x0000104f      0x653 ..\obj\stm32f4xx_rcc.o
                                0x8bb (size before relaxing)
 .debug_str     0x000016a2       0x4e ..\obj\timer-4-handler.o
                                0x31b (size before relaxing)
 .debug_str     0x000016f0       0x54 ..\obj\on-button-pressed-logic.o
                                0x13a (size before relaxing)
 .debug_str     0x00001744      0x197 ..\obj\stm32f4xx_gpio.o
                                0x50e (size before relaxing)
 .debug_str     0x000018db      0x10c ..\obj\system_stm32f4xx.o
                                0x405 (size before relaxing)
 .debug_str     0x000019e7       0x4e ..\obj\timer-3-handler.o
                                0x324 (size before relaxing)
 .debug_str     0x00001a35       0x40 ..\obj\blink-logic.o
                                0x255 (size before relaxing)
 .debug_str     0x00001a75      0x155 ..\obj\misc.o
                                0x439 (size before relaxing)
 .debug_str     0x00001bca      0xa8a ..\obj\stm32f4xx_tim.o
                                0xe3b (size before relaxing)

.comment        0x00000000       0x76
 .comment       0x00000000       0x76 ..\obj\state.o
                                 0x77 (size before relaxing)
 .comment       0x00000076       0x77 ..\obj\config.o
 .comment       0x00000076       0x77 ..\obj\startup_stm32f4xx.o
 .comment       0x00000076       0x77 ..\obj\main.o
 .comment       0x00000076       0x77 ..\obj\stm32f4xx_rcc.o
 .comment       0x00000076       0x77 ..\obj\timer-4-handler.o
 .comment       0x00000076       0x77 ..\obj\on-button-pressed-logic.o
 .comment       0x00000076       0x77 ..\obj\stm32f4xx_gpio.o
 .comment       0x00000076       0x77 ..\obj\system_stm32f4xx.o
 .comment       0x00000076       0x77 ..\obj\timer-3-handler.o
 .comment       0x00000076       0x77 ..\obj\blink-logic.o
 .comment       0x00000076       0x77 ..\obj\misc.o
 .comment       0x00000076       0x77 ..\obj\stm32f4xx_tim.o

.ARM.attributes
                0x00000000       0x2e
 .ARM.attributes
                0x00000000       0x2e ..\obj\state.o
 .ARM.attributes
                0x0000002e       0x2e ..\obj\config.o
 .ARM.attributes
                0x0000005c       0x2e ..\obj\startup_stm32f4xx.o
 .ARM.attributes
                0x0000008a       0x2e ..\obj\main.o
 .ARM.attributes
                0x000000b8       0x2e ..\obj\stm32f4xx_rcc.o
 .ARM.attributes
                0x000000e6       0x2e ..\obj\timer-4-handler.o
 .ARM.attributes
                0x00000114       0x2e ..\obj\on-button-pressed-logic.o
 .ARM.attributes
                0x00000142       0x2e ..\obj\stm32f4xx_gpio.o
 .ARM.attributes
                0x00000170       0x2e ..\obj\system_stm32f4xx.o
 .ARM.attributes
                0x0000019e       0x2e ..\obj\timer-3-handler.o
 .ARM.attributes
                0x000001cc       0x2e ..\obj\blink-logic.o
 .ARM.attributes
                0x000001fa       0x2e ..\obj\misc.o
 .ARM.attributes
                0x00000228       0x2e ..\obj\stm32f4xx_tim.o

.debug_frame    0x00000000     0x1c8c
 .debug_frame   0x00000000      0x178 ..\obj\state.o
 .debug_frame   0x00000178      0x110 ..\obj\config.o
 .debug_frame   0x00000288       0x4c ..\obj\startup_stm32f4xx.o
 .debug_frame   0x000002d4       0x30 ..\obj\main.o
 .debug_frame   0x00000304      0x6d4 ..\obj\stm32f4xx_rcc.o
 .debug_frame   0x000009d8       0x34 ..\obj\timer-4-handler.o
 .debug_frame   0x00000a0c       0x34 ..\obj\on-button-pressed-logic.o
 .debug_frame   0x00000a40      0x23c ..\obj\stm32f4xx_gpio.o
 .debug_frame   0x00000c7c       0x7c ..\obj\system_stm32f4xx.o
 .debug_frame   0x00000cf8       0x34 ..\obj\timer-3-handler.o
 .debug_frame   0x00000d2c       0x34 ..\obj\blink-logic.o
 .debug_frame   0x00000d60       0xd8 ..\obj\misc.o
 .debug_frame   0x00000e38      0xe54 ..\obj\stm32f4xx_tim.o
